setup ctx symbols: 
mount OK: liangshen
(node:13278) ExperimentalWarning: stripTypeScriptTypes is an experimental feature and might change at any time
(Use `node --trace-warnings ...` to show where the warning was created)
The repository at `/Users/zcl/code/dsh-web-ui` has **13 top-level directories under `packages/`**:

1. `dsh-aionui-panel`
2. `dsh-git-graph`
3. `dsh-liangshen`
4. `dsh-live-stats`
5. `dsh-pet`
6. `dsh-remote-web-ui`
7. `dsh-skins`
8. `dsh-ssh`
9. `dsh-task-board`
10. `dsh-tool-describe-image`
11. `dsh-web-ui-all`
12. `dsh-web-ui-settings`
13. `skins`

(There's also a single top-level file, `AGENTS.md`.)

One nuance: **12 of the 13** are individual package directories with their own `package.json`. `skins/` is a grouping directory without its own `package.json` — it contains 11 skin packages (`blue-fantasy`, `dragon-heir`, `harbor`, `miku`, `minecraft`, `qq98`, `skin-center`, `ths`, `trading`, `whale-song`, `xp`), matching the `packages/skins/*` glob in `pnpm-workspace.yaml`.
